[template.viserlab.com/viserpet/demos/index-two.html]
[backblue.gif]
[fade.gif]
[index.html]
[template.viserlab.com/viserpet/demos/assets/images/logo/favicon.png]
[template.viserlab.com/viserpet/demos/assets/css/bootstrap.min.css]
[template.viserlab.com/viserpet/demos/assets/css/fontawesome-all.min.css]
[template.viserlab.com/viserpet/demos/assets/css/slick.css]
[template.viserlab.com/viserpet/demos/assets/css/line-awesome.min.css]
[template.viserlab.com/viserpet/demos/assets/css/jquery.classycountdown.min.css]
[template.viserlab.com/viserpet/demos/assets/css/jquery-ui.css]
[template.viserlab.com/viserpet/demos/assets/css/magnific-popup.css]
[template.viserlab.com/viserpet/demos/assets/css/main.css]
[template.viserlab.com/viserpet/demos/index.html]
[template.viserlab.com/viserpet/demos/assets/images/logo/h2-logo.png]
[template.viserlab.com/viserpet/demos/about.html]
[template.viserlab.com/viserpet/demos/product-category.html]
[template.viserlab.com/viserpet/demos/product-two-details.html]
[template.viserlab.com/viserpet/demos/check-out.html]
[template.viserlab.com/viserpet/demos/faq.html]
[template.viserlab.com/viserpet/demos/error.html]
[template.viserlab.com/viserpet/demos/blog.html]
[template.viserlab.com/viserpet/demos/blog-details.html]
[template.viserlab.com/viserpet/demos/contact.html]
[template.viserlab.com/viserpet/demos/cart.html]
[template.viserlab.com/viserpet/demos/login.html]
[template.viserlab.com/viserpet/demos/assets/images/shapes/banner-bg.png]
[template.viserlab.com/viserpet/demos/assets/images/thumbs/banner-two-img.png]
[template.viserlab.com/viserpet/demos/assets/images/thumbs/category/cate01.png]
[template.viserlab.com/viserpet/demos/assets/images/thumbs/category/cate02.png]
[template.viserlab.com/viserpet/demos/assets/images/thumbs/category/cate03.png]
[template.viserlab.com/viserpet/demos/assets/images/thumbs/category/cate04.png]
[template.viserlab.com/viserpet/demos/assets/images/thumbs/category/cate05.png]
[template.viserlab.com/viserpet/demos/assets/images/thumbs/category/cate06.png]
[template.viserlab.com/viserpet/demos/assets/images/icons/heading-img.png]
[template.viserlab.com/viserpet/demos/assets/images/thumbs/tp-01.png]
[template.viserlab.com/viserpet/demos/assets/images/thumbs/tp04.png]
[template.viserlab.com/viserpet/demos/assets/images/thumbs/tp02.png]
[template.viserlab.com/viserpet/demos/assets/images/thumbs/tp03.png]
[template.viserlab.com/viserpet/demos/assets/images/shapes/fp-shap01.png]
[template.viserlab.com/viserpet/demos/assets/images/shapes/fp-shap02.png]
[template.viserlab.com/viserpet/demos/assets/images/thumbs/fp01.png]
[template.viserlab.com/viserpet/demos/assets/images/thumbs/fp02.png]
[template.viserlab.com/viserpet/demos/assets/images/thumbs/fp04.png]
[template.viserlab.com/viserpet/demos/assets/images/thumbs/fp03.png]
[template.viserlab.com/viserpet/demos/assets/images/thumbs/arrival-two01.png]
[template.viserlab.com/viserpet/demos/assets/images/thumbs/arrival-two02.png]
[template.viserlab.com/viserpet/demos/assets/images/thumbs/arrival-two03.png]
[template.viserlab.com/viserpet/demos/assets/images/thumbs/arrival-two04.png]
[template.viserlab.com/viserpet/demos/assets/images/thumbs/add-img01.png]
[template.viserlab.com/viserpet/demos/assets/images/thumbs/add-img02.png]
[template.viserlab.com/viserpet/demos/assets/images/thumbs/add-img03.png]
[template.viserlab.com/viserpet/demos/assets/images/thumbs/test-two0.png]
[template.viserlab.com/viserpet/demos/assets/images/thumbs/t-2.png]
[template.viserlab.com/viserpet/demos/assets/images/thumbs/testimonial-img.png]
[template.viserlab.com/viserpet/demos/assets/images/thumbs/t-3.png]
[template.viserlab.com/viserpet/demos/assets/images/shapes/review-shape.png]
[template.viserlab.com/viserpet/demos/assets/images/thumbs/np01.png]
[template.viserlab.com/viserpet/demos/assets/images/thumbs/np02.png]
[template.viserlab.com/viserpet/demos/assets/images/thumbs/np03.png]
[template.viserlab.com/viserpet/demos/assets/images/icons/ft-img01.png]
[template.viserlab.com/viserpet/demos/assets/images/icons/ft-img02.png]
[template.viserlab.com/viserpet/demos/assets/images/icons/ft-img03.png]
[template.viserlab.com/viserpet/demos/assets/images/icons/ft-img04.png]
[template.viserlab.com/viserpet/demos/assets/images/thumbs/add-two01.png]
[template.viserlab.com/viserpet/demos/assets/images/shapes/footer-top-shape.png]
[template.viserlab.com/viserpet/demos/assets/images/shapes/footer-shape-one.png]
[template.viserlab.com/viserpet/demos/assets/images/shapes/footer-shape-two.png]
[template.viserlab.com/viserpet/demos/tel]
[template.viserlab.com/viserpet/demos/product-two-details]
[template.viserlab.com/viserpet/demos/registration.html]
[template.viserlab.com/viserpet/demos/assets/js/jquery-3.6.1.min.js]
[template.viserlab.com/viserpet/demos/assets/js/popper.min.js]
[template.viserlab.com/viserpet/demos/assets/js/bootstrap.min.js]
[template.viserlab.com/viserpet/demos/assets/js/slick.min.js]
[template.viserlab.com/viserpet/demos/assets/js/mixitup.min.js]
[template.viserlab.com/viserpet/demos/assets/js/jquery.knob.js]
[template.viserlab.com/viserpet/demos/assets/js/jquery.throttle.js]
[template.viserlab.com/viserpet/demos/assets/js/jquery.classycountdown.min.js]
[template.viserlab.com/viserpet/demos/assets/js/jquery.magnific-popup.min.js]
[template.viserlab.com/viserpet/demos/assets/js/jquery-ui.js]
[template.viserlab.com/viserpet/demos/index-two.html]
[template.viserlab.com/viserpet/demos/assets/css/bootstrap.min.css]
[template.viserlab.com/viserpet/demos/assets/js/main.js]
[template.viserlab.com/viserpet/demos/assets/webfonts/fa-brands-400.eot]
[template.viserlab.com/viserpet/demos/assets/webfonts/fa-brands-400d41d.eot]
[template.viserlab.com/viserpet/demos/assets/webfonts/fa-brands-400.woff2]
[template.viserlab.com/viserpet/demos/assets/webfonts/fa-brands-400.woff]
[template.viserlab.com/viserpet/demos/assets/webfonts/fa-brands-400.ttf]
[template.viserlab.com/viserpet/demos/assets/webfonts/fa-brands-400.svg]
[template.viserlab.com/viserpet/demos/assets/webfonts/fa-regular-400.eot]
[template.viserlab.com/viserpet/demos/assets/webfonts/fa-regular-400d41d.eot]
[template.viserlab.com/viserpet/demos/assets/webfonts/fa-regular-400.woff2]
[template.viserlab.com/viserpet/demos/assets/webfonts/fa-regular-400.woff]
[template.viserlab.com/viserpet/demos/assets/webfonts/fa-regular-400.ttf]
[template.viserlab.com/viserpet/demos/assets/webfonts/fa-regular-400.svg]
[template.viserlab.com/viserpet/demos/assets/webfonts/fa-solid-900.eot]
[template.viserlab.com/viserpet/demos/assets/webfonts/fa-solid-900d41d.eot]
[template.viserlab.com/viserpet/demos/assets/webfonts/fa-solid-900.woff2]
[template.viserlab.com/viserpet/demos/assets/webfonts/fa-solid-900.woff]
[template.viserlab.com/viserpet/demos/assets/webfonts/fa-solid-900.ttf]
[template.viserlab.com/viserpet/demos/assets/webfonts/fa-solid-900.svg]
[template.viserlab.com/viserpet/demos/assets/css/fontawesome-all.min.css]
[template.viserlab.com/viserpet/demos/assets/css/slick.css]
[template.viserlab.com/viserpet/demos/assets/fonts/la-brands-400.eot]
[template.viserlab.com/viserpet/demos/assets/fonts/la-brands-400d41d.eot]
[template.viserlab.com/viserpet/demos/assets/fonts/la-brands-400.woff2]
[template.viserlab.com/viserpet/demos/assets/fonts/la-brands-400.woff]
[template.viserlab.com/viserpet/demos/assets/fonts/la-brands-400.ttf]
[template.viserlab.com/viserpet/demos/assets/fonts/la-brands-400.svg]
[template.viserlab.com/viserpet/demos/assets/fonts/la-regular-400.eot]
[template.viserlab.com/viserpet/demos/assets/fonts/la-regular-400d41d.eot]
[template.viserlab.com/viserpet/demos/assets/fonts/la-regular-400.woff2]
[template.viserlab.com/viserpet/demos/assets/fonts/la-regular-400.woff]
[template.viserlab.com/viserpet/demos/assets/fonts/la-regular-400.ttf]
[template.viserlab.com/viserpet/demos/assets/fonts/la-regular-400.svg]
[template.viserlab.com/viserpet/demos/assets/fonts/la-solid-900.eot]
[template.viserlab.com/viserpet/demos/assets/fonts/la-solid-900d41d.eot]
[template.viserlab.com/viserpet/demos/assets/fonts/la-solid-900.woff2]
[template.viserlab.com/viserpet/demos/assets/fonts/la-solid-900.woff]
[template.viserlab.com/viserpet/demos/assets/fonts/la-solid-900.ttf]
[template.viserlab.com/viserpet/demos/assets/css/line-awesome.min.css]
[template.viserlab.com/viserpet/demos/assets/css/jquery.classycountdown.min.css]
[template.viserlab.com/viserpet/demos/assets/fonts/la-solid-900.svg]
[template.viserlab.com/viserpet/demos/assets/css/images/ui-icons_444444_256x240.png]
[template.viserlab.com/viserpet/demos/assets/css/images/ui-icons_555555_256x240.png]
[template.viserlab.com/viserpet/demos/assets/css/images/ui-icons_ffffff_256x240.png]
[template.viserlab.com/viserpet/demos/assets/css/images/ui-icons_777620_256x240.png]
[template.viserlab.com/viserpet/demos/assets/css/images/ui-icons_cc0000_256x240.png]
[template.viserlab.com/viserpet/demos/assets/css/images/ui-icons_777777_256x240.png]
[template.viserlab.com/viserpet/demos/assets/css/jquery-ui.css]
[template.viserlab.com/viserpet/demos/assets/css/magnific-popup.css]
[template.viserlab.com/viserpet/demos/assets/css/main.css]
[template.viserlab.com/viserpet/demos/assets/images/logo/logo02.png]
[template.viserlab.com/viserpet/demos/assets/images/icons/phone.png]
[template.viserlab.com/viserpet/demos/assets/images/icons/email.png]
[template.viserlab.com/viserpet/demos/wishlist.html]
[template.viserlab.com/viserpet/demos/assets/images/icons/dog01.png]
[template.viserlab.com/viserpet/demos/assets/images/icons/cat.png]
[template.viserlab.com/viserpet/demos/assets/images/icons/fish.png]
[template.viserlab.com/viserpet/demos/assets/images/icons/toys.png]
[template.viserlab.com/viserpet/demos/assets/images/icons/parrot.png]
[template.viserlab.com/viserpet/demos/assets/images/icons/rabbit.png]
[template.viserlab.com/viserpet/demos/assets/images/icons/accessories.png]
[template.viserlab.com/viserpet/demos/assets/images/icons/dog02.png]
[template.viserlab.com/viserpet/demos/assets/images/shapes/button-shape.png]
[template.viserlab.com/viserpet/demos/assets/images/thumbs/banner-img.png]
[template.viserlab.com/viserpet/demos/assets/images/shapes/banner-shape.png]
[template.viserlab.com/viserpet/demos/assets/images/thumbs/offer-img.png]
[template.viserlab.com/viserpet/demos/assets/images/thumbs/offer-img03.png]
[template.viserlab.com/viserpet/demos/assets/images/thumbs/product/product09.png]
[template.viserlab.com/viserpet/demos/assets/images/thumbs/product/product02.png]
[template.viserlab.com/viserpet/demos/assets/images/thumbs/product/product03.png]
[template.viserlab.com/viserpet/demos/assets/images/thumbs/product/product04.png]
[template.viserlab.com/viserpet/demos/assets/images/thumbs/product/product05.png]
[template.viserlab.com/viserpet/demos/assets/images/thumbs/product/product06.png]
[template.viserlab.com/viserpet/demos/assets/images/thumbs/product/product07.png]
[template.viserlab.com/viserpet/demos/assets/images/thumbs/product/product08.png]
[template.viserlab.com/viserpet/demos/assets/images/thumbs/deal-img.png]
[template.viserlab.com/viserpet/demos/assets/images/thumbs/deal-product-img.png]
[template.viserlab.com/viserpet/demos/assets/images/thumbs/new-offer-img.png]
[template.viserlab.com/viserpet/demos/assets/images/thumbs/t-1.png]
[template.viserlab.com/viserpet/demos/assets/images/icons/testimonial-icon.png]
[template.viserlab.com/viserpet/demos/assets/images/2__brands/client-01.png]
[template.viserlab.com/viserpet/demos/assets/images/2__brands/client-04.png]
[template.viserlab.com/viserpet/demos/assets/images/2__brands/client-03.png]
[template.viserlab.com/viserpet/demos/assets/images/thumbs/blog/blog03.png]
[template.viserlab.com/viserpet/demos/assets/images/thumbs/blog/blog01.png]
[template.viserlab.com/viserpet/demos/assets/images/thumbs/blog/blog02.png]
[template.viserlab.com/viserpet/demos/assets/images/thumbs/feature/feature-img.png]
[template.viserlab.com/viserpet/demos/assets/images/thumbs/feature/f04.png]
[template.viserlab.com/viserpet/demos/assets/images/thumbs/feature/f03.png]
[template.viserlab.com/viserpet/demos/assets/images/thumbs/feature/f02.png]
[template.viserlab.com/viserpet/demos/assets/images/thumbs/feature/f01.png]
[template.viserlab.com/viserpet/demos/assets/images/logo/footer-logo02.png]
[template.viserlab.com/viserpet/demos/index.html]
[template.viserlab.com/cdn-cgi/scripts/5c5dd728/cloudflare-static/email-decode.min.js]
[template.viserlab.com/viserpet/demos/assets/images/thumbs/breadcumb-img.png]
[template.viserlab.com/viserpet/demos/assets/images/thumbs/about/about02.png]
[template.viserlab.com/viserpet/demos/assets/images/thumbs/about/about03.png]
[template.viserlab.com/viserpet/demos/assets/images/thumbs/about/about04.png]
[template.viserlab.com/viserpet/demos/assets/images/thumbs/about/about05.png]
[template.viserlab.com/viserpet/demos/assets/images/thumbs/about/about06.png]
[template.viserlab.com/viserpet/demos/assets/images/thumbs/about/about07.png]
[template.viserlab.com/viserpet/demos/assets/images/thumbs/about/about09.png]
[template.viserlab.com/viserpet/demos/assets/images/thumbs/about/about10.png]
[template.viserlab.com/viserpet/demos/assets/images/thumbs/about/about12.png]
[template.viserlab.com/viserpet/demos/assets/images/thumbs/about/about11.png]
[template.viserlab.com/viserpet/demos/about.html]
[template.viserlab.com/viserpet/demos/assets/images/thumbs/side-img.png]
[template.viserlab.com/viserpet/demos/assets/images/thumbs/product/product01.png]
[template.viserlab.com/viserpet/demos/product-category.html]
[template.viserlab.com/viserpet/demos/assets/images/thumbs/pd-img01.png]
[template.viserlab.com/viserpet/demos/product-two-details.html]
[template.viserlab.com/viserpet/demos/check-out.html]
[template.viserlab.com/viserpet/demos/assets/images/thumbs/support01.jpg]
[template.viserlab.com/viserpet/demos/faq.html]
[template.viserlab.com/viserpet/demos/error.html]
[template.viserlab.com/viserpet/demos/assets/images/thumbs/blog/blog04.png]
[template.viserlab.com/viserpet/demos/assets/images/thumbs/blog/blog05.png]
[template.viserlab.com/viserpet/demos/assets/images/thumbs/blog/blog06.png]
[template.viserlab.com/viserpet/demos/assets/images/thumbs/blog/blog07.png]
[template.viserlab.com/viserpet/demos/assets/images/thumbs/blog/blog08.png]
[template.viserlab.com/viserpet/demos/assets/images/thumbs/blog/blog09.png]
[template.viserlab.com/viserpet/demos/assets/images/thumbs/blog/blog10.png]
[template.viserlab.com/viserpet/demos/assets/images/thumbs/blog/blog11.png]
[template.viserlab.com/viserpet/demos/assets/images/thumbs/blog/blog12.png]
[template.viserlab.com/viserpet/demos/assets/images/thumbs/blog/blog13.png]
[template.viserlab.com/viserpet/demos/assets/images/thumbs/blog/blog14.png]
[template.viserlab.com/viserpet/demos/assets/images/thumbs/blog/blog15.png]
[template.viserlab.com/viserpet/demos/blog.html]
[template.viserlab.com/viserpet/demos/assets/images/thumbs/blog-details01.png]
[template.viserlab.com/viserpet/demos/assets/images/icons/quote01.png]
[template.viserlab.com/viserpet/demos/assets/images/thumbs/comment01.png]
[template.viserlab.com/viserpet/demos/blog-details.html]
[template.viserlab.com/viserpet/demos/assets/images/icons/contact01.png]
[template.viserlab.com/viserpet/demos/assets/images/icons/contact02.png]
[template.viserlab.com/viserpet/demos/assets/images/icons/contact03.png]
[template.viserlab.com/viserpet/demos/assets/images/thumbs/contact-bg.png]
[template.viserlab.com/viserpet/demos/assets/images/thumbs/contact03.png]
[template.viserlab.com/viserpet/demos/assets/images/thumbs/contact04.png]
[template.viserlab.com/viserpet/demos/contact.html]
[template.viserlab.com/viserpet/demos/cart.html]
[template.viserlab.com/viserpet/demos/assets/images/thumbs/login-img.png]
[template.viserlab.com/viserpet/demos/login.html]
[template.viserlab.com/viserpet/demos/tel.html]
[template.viserlab.com/viserpet/demos/product-two-details-2.html]
[template.viserlab.com/viserpet/demos/registration.html]
[template.viserlab.com/viserpet/demos/assets/webfonts/fa-brands-400.html]
[template.viserlab.com/viserpet/demos/assets/webfonts/fa-brands-400d41d.html]
[template.viserlab.com/viserpet/demos/assets/webfonts/fa-brands-401.html]
[template.viserlab.com/viserpet/demos/assets/webfonts/fa-brands-402.html]
[template.viserlab.com/viserpet/demos/assets/webfonts/fa-regular-400.html]
[template.viserlab.com/viserpet/demos/assets/webfonts/fa-regular-400d41d.html]
[template.viserlab.com/viserpet/demos/assets/webfonts/fa-regular-401.html]
[template.viserlab.com/viserpet/demos/assets/webfonts/fa-regular-402.html]
[template.viserlab.com/viserpet/demos/assets/webfonts/fa-solid-900.html]
[template.viserlab.com/viserpet/demos/assets/webfonts/fa-solid-900d41d.html]
[template.viserlab.com/viserpet/demos/assets/webfonts/fa-solid-901.html]
[template.viserlab.com/viserpet/demos/assets/webfonts/fa-solid-902.html]
[template.viserlab.com/viserpet/demos/assets/fonts/la-brands-400.svg]
[template.viserlab.com/viserpet/demos/assets/fonts/la-regular-400.svg]
[template.viserlab.com/viserpet/demos/assets/fonts/la-solid-900.svg]
[template.viserlab.com/viserpet/demos/assets/css/images/ui-icons_444444_256x240.html]
[template.viserlab.com/viserpet/demos/assets/css/images/ui-icons_555555_256x240.html]
[template.viserlab.com/viserpet/demos/assets/css/images/ui-icons_ffffff_256x240.html]
[template.viserlab.com/viserpet/demos/assets/css/images/ui-icons_777620_256x240.html]
[template.viserlab.com/viserpet/demos/assets/css/images/ui-icons_cc0000_256x240.html]
[template.viserlab.com/viserpet/demos/assets/css/images/ui-icons_777777_256x240.html]
[template.viserlab.com/viserpet/demos/wishlist.html]
